stm32f1xx_it.c:53:6:NMI_Handler	4	static
stm32f1xx_it.c:62:6:HardFault_Handler	4	static
stm32f1xx_it.c:75:6:MemManage_Handler	4	static
stm32f1xx_it.c:88:6:BusFault_Handler	4	static
stm32f1xx_it.c:101:6:UsageFault_Handler	4	static
stm32f1xx_it.c:114:6:SVC_Handler	4	static
stm32f1xx_it.c:123:6:DebugMon_Handler	4	static
stm32f1xx_it.c:132:6:PendSV_Handler	4	static
stm32f1xx_it.c:141:6:SysTick_Handler	4	static
stm32f1xx_it.c:168:6:EXTI0_IRQHandler	8	static
stm32f1xx_it.c:193:6:EXTI1_IRQHandler	4	static
stm32f1xx_it.c:204:6:EXTI2_IRQHandler	4	static
stm32f1xx_it.c:215:6:EXTI3_IRQHandler	4	static
stm32f1xx_it.c:226:6:DMA1_Channel3_IRQHandler	4	static
stm32f1xx_it.c:247:6:DMA1_Channel4_IRQHandler	8	static
stm32f1xx_it.c:257:6:DMA1_Channel5_IRQHandler	8	static
stm32f1xx_it.c:267:6:USART1_IRQHandler	8	static
