core_cm3.h:971:22:NVIC_SetPendingIRQ	16	static
usart.c:95:25:strCmp	32	static
usart.c:131:6:USART1_IRQ_Callback	16	static
usart.c:180:6:USART1_TX_DMA_Config	8	static
usart.c:245:6:USART1_RX_DMA_Config	8	static
usart.c:314:6:USART1_TX_DMA_IRQ_Callback	8	static
usart.c:339:6:USART1_RX_DMA_IRQ_Callback	16	static
usart.c:390:6:USART_Send_String	24	static
usart.c:432:6:USART1_GPIO_Init	16	static
usart.c:479:10:Cal_USART_BRR_Val	40	static
usart.c:510:6:USART1_Init	16	static
usart.c:562:6:USART_Enable	16	static
usart.c:591:6:USART1_Process	16	static
